// Jest Snapshot v1, https://goo.gl/fbAQLP

exports[`<Item /> renders and matches the snapshot 1`] = `
<ItemStyles__Item>
  <img
    alt="A Cool Item"
    src="image.jpg"
  />
  <Title>
    <Link
      href={
        Object {
          "pathname": "/item",
          "query": Object {
            "id": "123",
          },
        }
      }
      prefetch={true}
    >
      <a>
        A Cool Item
      </a>
    </Link>
  </Title>
  <PriceTag>
    $50
  </PriceTag>
  <p>
    This item is really cool
  </p>
  <div
    className="buttonList"
  >
    <Link
      href={
        Object {
          "pathname": "update",
          "query": Object {
            "id": "123",
          },
        }
      }
      prefetch={true}
    >
      <a>
        Edit ✏️
      </a>
    </Link>
    <AddToCart
      id="123"
    />
    <DeleteItem
      id="123"
    >
      Delete
    </DeleteItem>
  </div>
</ItemStyles__Item>
`;
