// Jest Snapshot v1, https://goo.gl/fbAQLP

exports[`<Nav /> renders a minimal nav when signed out 1`] = `
<ul
  className="NavStyles-sc-11c0d2g-0 dDiqeM"
  data-test="nav"
>
  <Link
    href="/items"
    prefetch={true}
  >
    <a
      href="/items"
      onClick={[Function]}
      onMouseEnter={[Function]}
    >
      Shop
    </a>
  </Link>
  <Link
    href="/signup"
    prefetch={true}
  >
    <a
      href="/signup"
      onClick={[Function]}
      onMouseEnter={[Function]}
    >
      Sign In
    </a>
  </Link>
</ul>
`;

exports[`<Nav /> renders the amount of items in the cart 1`] = `
<div
  className="CartCount__Dot-xxvp4g-1 fJsVOg count"
>
  9
</div>
`;
